<html>
<body>
<pre>
<h1>µVision Build Log</h1>
<h2>Tool Versions:</h2>
IDE-Version: µVision V5.20.0.0
Copyright (C) 2016 ARM Ltd and ARM Germany GmbH. All rights reserved.
License Information: Lek Xu, Lek Xu, LIC=LSNRA-1MBXK-Z8WFH-W2HFP-23WT3-XBMMY
 
Tool Versions:
Toolchain:       MDK-ARM Plus  Version: 5.20
Toolchain Path:  C:\Keil_v5\ARM\ARMCC\Bin
C Compiler:      Armcc.exe V5.06 update 2 (build 183)
Assembler:       Armasm.exe V5.06 update 2 (build 183)
Linker/Locator:  ArmLink.exe V5.06 update 2 (build 183)
Library Manager: ArmAr.exe V5.06 update 2 (build 183)
Hex Converter:   FromElf.exe V5.06 update 2 (build 183)
CPU DLL:         SARMCM3.DLL V5.20
Dialog DLL:      DCM.DLL V1.13.7.0
Target DLL:      STLink\ST-LINKIII-KEIL_SWO.dll V2.0.18.0
Dialog DLL:      TCM.DLL V1.14.9.0
 
<h2>Project:</h2>
C:\Users\Lek Xu\Desktop\PROJECT STM32F103C8T6\Project\project stm32.uvprojx
Project File Date:  09/22/2017

<h2>Output:</h2>
*** Using Compiler 'V5.06 update 2 (build 183)', folder: 'C:\Keil_v5\ARM\ARMCC\Bin'
Rebuild target 'Test STM32'
assembling startup_stm32f10x_md.s...
compiling core_cm3.c...
compiling system_stm32f10x.c...
compiling misc.c...
compiling stm32f10x_rcc.c...
compiling stm32f10x_gpio.c...
compiling stm32f10x_exti.c...
compiling main.c...
main.c(9): warning:  #223-D: function "InitButton1" declared implicitly
  	InitButton1();
main.c(10): warning:  #223-D: function "InitButton2" declared implicitly
  	InitButton2();
main.c(11): warning:  #223-D: function "InitLedA" declared implicitly
  	InitLedA();
main.c(12): warning:  #223-D: function "InitLedB" declared implicitly
  	InitLedB();
main.c(13): warning:  #223-D: function "EXTI9_5_IRQHandler" declared implicitly
  	EXTI9_5_IRQHandler();
main.c(14): warning:  #223-D: function "Init_Timer_2" declared implicitly
  	Init_Timer_2();
main.c(15): warning:  #223-D: function "InitButton3" declared implicitly
  	InitButton3();
main.c(16): warning:  #223-D: function "TIM2_IRQHandler" declared implicitly
  	TIM2_IRQHandler();
main.c: 8 warnings, 0 errors
compiling stm32f10x_tim.c...
compiling stm32f10x_it.c...
compiling User_function.c...
linking...
Program Size: Code=2188 RO-data=268 RW-data=20 ZI-data=1028  
".\Objects\project stm32.axf" - 0 Error(s), 8 Warning(s).

<h2>Collection of Component include folders:</h2>
  C:\Users\Lek Xu\Desktop\PROJECT STM32F103C8T6\Project\RTE
  C:\Keil_v5\ARM\PACK\Keil\STM32F1xx_DFP\2.2.0\Device\Include

<h2>Collection of Component Files used:</h2>
Build Time Elapsed:  00:00:10
</pre>
</body>
</html>
